2025-02-14 14:29:42,801 - __main__ - INFO - Starting test suite...
2025-02-14 14:29:42,802 - __main__ - INFO - Testing server health...
2025-02-14 14:29:44,890 - __main__ - INFO - 
Testing error case: Invalid URL format
2025-02-14 14:29:46,954 - __main__ - INFO - 
Testing error case: Empty URL
2025-02-14 14:29:48,999 - __main__ - INFO - 
Testing error case: Non-YouTube URL
2025-02-14 14:29:51,026 - __main__ - INFO - 
Testing video download: https://www.youtube.com/watch?v=dQw4w9WgXcQ
2025-02-14 14:29:58,909 - __main__ - INFO - Status Code: 500
2025-02-14 14:29:58,909 - __main__ - INFO - Headers: {'date': 'Fri, 14 Feb 2025 08:59:51 GMT', 'server': 'uvicorn', 'content-length': '89', 'content-type': 'application/json'}
2025-02-14 14:29:58,910 - __main__ - INFO - Response: {
  "status": "error",
  "detail": "Audio download failed: ",
  "message": "Audio download failed: "
}
2025-02-14 14:29:58,910 - __main__ - ERROR - Test failed with status 500
2025-02-14 14:30:00,911 - __main__ - INFO - 
Testing video download: https://www.youtube.com/watch?v=jNQXAC9IVRw
2025-02-14 14:30:06,879 - __main__ - INFO - Status Code: 500
2025-02-14 14:30:06,880 - __main__ - INFO - Headers: {'date': 'Fri, 14 Feb 2025 09:00:02 GMT', 'server': 'uvicorn', 'content-length': '89', 'content-type': 'application/json'}
2025-02-14 14:30:06,880 - __main__ - INFO - Response: {
  "status": "error",
  "detail": "Audio download failed: ",
  "message": "Audio download failed: "
}
2025-02-14 14:30:06,880 - __main__ - ERROR - Test failed with status 500
2025-02-14 14:30:08,881 - __main__ - INFO - 
Test Summary:
2025-02-14 14:30:08,882 - __main__ - INFO - Total video tests: 2
2025-02-14 14:30:08,883 - __main__ - INFO - Successful: 0
2025-02-14 14:30:08,883 - __main__ - INFO - Failed: 2
2025-02-14 14:32:04,584 - __main__ - INFO - Starting test suite...
2025-02-14 14:32:04,584 - __main__ - INFO - Testing server health...
2025-02-14 14:32:06,612 - __main__ - INFO - Server health check passed!
2025-02-14 14:32:06,612 - __main__ - INFO - 
Testing error case: Invalid URL format
2025-02-14 14:32:08,636 - __main__ - INFO - Error handling test passed! (Invalid URL format)
2025-02-14 14:32:08,637 - __main__ - INFO - 
Testing error case: Empty URL
2025-02-14 14:32:10,655 - __main__ - INFO - Error handling test passed! (Empty URL)
2025-02-14 14:32:10,655 - __main__ - INFO - 
Testing error case: Non-YouTube URL
2025-02-14 14:32:12,690 - __main__ - INFO - Error handling test passed! (Non-YouTube URL)
2025-02-14 14:32:12,691 - __main__ - INFO - 
Testing video download: https://www.youtube.com/watch?v=jNQXAC9IVRw
2025-02-14 14:32:18,392 - __main__ - INFO - Response time: 5.70 seconds
2025-02-14 14:32:18,392 - __main__ - INFO - Status Code: 500
2025-02-14 14:32:18,393 - __main__ - INFO - Response content:
2025-02-14 14:32:18,393 - __main__ - INFO - {
  "status": "error",
  "detail": "Audio download failed: ",
  "message": "Audio download failed: "
}
2025-02-14 14:32:18,393 - __main__ - ERROR - Test failed: Audio download failed: 
2025-02-14 14:32:20,394 - __main__ - INFO - 
Test Summary:
2025-02-14 14:32:20,395 - __main__ - INFO - Total video tests: 1
2025-02-14 14:32:20,395 - __main__ - INFO - Successful: 0
2025-02-14 14:32:20,395 - __main__ - INFO - Failed: 1
2025-02-14 14:35:16,814 - __main__ - INFO - Starting test suite...
2025-02-14 14:35:16,918 - __main__ - INFO - FFmpeg verification:
2025-02-14 14:35:16,918 - __main__ - INFO - ffmpeg version 7.1-essentials_build-www.gyan.dev Copyright (c) 2000-2024 the FFmpeg developers
2025-02-14 14:35:16,919 - __main__ - INFO - Testing server health...
2025-02-14 14:35:18,945 - __main__ - INFO - Server health check passed!
2025-02-14 14:35:18,946 - __main__ - INFO - 
Testing error case: Invalid URL format
2025-02-14 14:35:20,982 - __main__ - INFO - Error handling test passed! (Invalid URL format)
2025-02-14 14:35:20,983 - __main__ - INFO - 
Testing error case: Empty URL
2025-02-14 14:35:23,005 - __main__ - INFO - Error handling test passed! (Empty URL)
2025-02-14 14:35:23,005 - __main__ - INFO - 
Testing error case: Non-YouTube URL
2025-02-14 14:35:25,025 - __main__ - INFO - Error handling test passed! (Non-YouTube URL)
2025-02-14 14:35:25,025 - __main__ - INFO - 
Testing video download: https://www.youtube.com/watch?v=jNQXAC9IVRw
2025-02-14 14:35:30,780 - __main__ - INFO - Response time: 5.75 seconds
2025-02-14 14:35:30,781 - __main__ - INFO - Status Code: 500
2025-02-14 14:35:30,781 - __main__ - INFO - Response content:
2025-02-14 14:35:30,781 - __main__ - INFO - {
  "status": "error",
  "detail": "Audio download failed: ",
  "message": "Audio download failed: "
}
2025-02-14 14:35:30,781 - __main__ - ERROR - Test failed: Audio download failed: 
2025-02-14 14:35:32,782 - __main__ - INFO - 
Test Summary:
2025-02-14 14:35:32,783 - __main__ - INFO - Total video tests: 1
2025-02-14 14:35:32,784 - __main__ - INFO - Successful: 0
2025-02-14 14:35:32,784 - __main__ - INFO - Failed: 1
2025-02-14 14:44:46,840 - __main__ - INFO - Starting test suite...
2025-02-14 14:44:46,887 - __main__ - INFO - Found FFmpeg at: C:\Users\Jaspreet Singh\AppData\Local\Programs\Python\Python313\Lib\site-packages\imageio_ffmpeg\binaries\ffmpeg-win64-v4.2.2.exe
2025-02-14 14:44:46,993 - __main__ - INFO - FFmpeg verification:
2025-02-14 14:44:46,993 - __main__ - INFO - ffmpeg version 4.2.2 Copyright (c) 2000-2019 the FFmpeg developers
2025-02-14 14:44:46,994 - __main__ - INFO - Testing server health...
2025-02-14 14:44:49,039 - __main__ - INFO - Server health check passed!
2025-02-14 14:44:49,040 - __main__ - INFO - 
Testing error case: Invalid URL format
2025-02-14 14:44:51,073 - __main__ - INFO - Error handling test passed! (Invalid URL format)
2025-02-14 14:44:51,074 - __main__ - INFO - 
Testing error case: Empty URL
2025-02-14 14:44:53,115 - __main__ - INFO - Error handling test passed! (Empty URL)
2025-02-14 14:44:53,116 - __main__ - INFO - 
Testing error case: Non-YouTube URL
2025-02-14 14:44:55,150 - __main__ - INFO - Error handling test passed! (Non-YouTube URL)
2025-02-14 14:44:55,151 - __main__ - INFO - 
Testing video download: https://www.youtube.com/watch?v=jNQXAC9IVRw
2025-02-14 14:45:00,492 - __main__ - INFO - Response time: 5.34 seconds
2025-02-14 14:45:00,492 - __main__ - INFO - Status Code: 500
2025-02-14 14:45:00,493 - __main__ - INFO - Response content:
2025-02-14 14:45:00,493 - __main__ - INFO - {
  "status": "error",
  "detail": "Audio download failed: ",
  "message": "Audio download failed: "
}
2025-02-14 14:45:00,494 - __main__ - ERROR - Test failed: Audio download failed: 
2025-02-14 14:45:02,495 - __main__ - INFO - 
Test Summary:
2025-02-14 14:45:02,495 - __main__ - INFO - Total video tests: 1
2025-02-14 14:45:02,495 - __main__ - INFO - Successful: 0
2025-02-14 14:45:02,496 - __main__ - INFO - Failed: 1
2025-02-14 14:47:06,317 - __main__ - INFO - Starting test suite...
2025-02-14 14:47:06,360 - __main__ - INFO - Found FFmpeg at: C:\Users\Jaspreet Singh\AppData\Local\Programs\Python\Python313\Lib\site-packages\imageio_ffmpeg\binaries\ffmpeg-win64-v4.2.2.exe
2025-02-14 14:47:06,417 - __main__ - INFO - FFmpeg verification:
2025-02-14 14:47:06,417 - __main__ - INFO - ffmpeg version 4.2.2 Copyright (c) 2000-2019 the FFmpeg developers
2025-02-14 14:47:06,417 - __main__ - INFO - Testing server health...
2025-02-14 14:47:08,456 - __main__ - INFO - Server health check passed!
2025-02-14 14:47:08,457 - __main__ - INFO - 
Testing error case: Invalid URL format
2025-02-14 14:47:10,492 - __main__ - INFO - Error handling test passed! (Invalid URL format)
2025-02-14 14:47:10,492 - __main__ - INFO - 
Testing error case: Empty URL
2025-02-14 14:47:12,540 - __main__ - INFO - Error handling test passed! (Empty URL)
2025-02-14 14:47:12,540 - __main__ - INFO - 
Testing error case: Non-YouTube URL
2025-02-14 14:47:14,578 - __main__ - INFO - Error handling test passed! (Non-YouTube URL)
2025-02-14 14:47:14,579 - __main__ - INFO - 
Testing video download: https://www.youtube.com/watch?v=jNQXAC9IVRw
2025-02-14 14:47:20,016 - __main__ - INFO - Response time: 5.44 seconds
2025-02-14 14:47:20,016 - __main__ - INFO - Status Code: 500
2025-02-14 14:47:20,016 - __main__ - INFO - Response content:
2025-02-14 14:47:20,017 - __main__ - INFO - {
  "status": "error",
  "detail": "Audio download failed: ",
  "message": "Audio download failed: "
}
2025-02-14 14:47:20,017 - __main__ - ERROR - Test failed: Audio download failed: 
2025-02-14 14:47:22,018 - __main__ - INFO - 
Test Summary:
2025-02-14 14:47:22,019 - __main__ - INFO - Total video tests: 1
2025-02-14 14:47:22,019 - __main__ - INFO - Successful: 0
2025-02-14 14:47:22,020 - __main__ - INFO - Failed: 1
2025-02-14 14:48:18,748 - __main__ - INFO - Starting test suite...
2025-02-14 14:48:18,791 - __main__ - INFO - Found FFmpeg at: C:\Users\Jaspreet Singh\AppData\Local\Programs\Python\Python313\Lib\site-packages\imageio_ffmpeg\binaries\ffmpeg-win64-v4.2.2.exe
2025-02-14 14:48:18,845 - __main__ - INFO - FFmpeg verification:
2025-02-14 14:48:18,845 - __main__ - INFO - ffmpeg version 4.2.2 Copyright (c) 2000-2019 the FFmpeg developers
2025-02-14 14:48:18,845 - __main__ - INFO - Testing server health...
2025-02-14 14:48:20,887 - __main__ - INFO - Server health check passed!
2025-02-14 14:48:20,887 - __main__ - INFO - 
Testing error case: Invalid URL format
2025-02-14 14:48:22,927 - __main__ - INFO - Error handling test passed! (Invalid URL format)
2025-02-14 14:48:22,928 - __main__ - INFO - 
Testing error case: Empty URL
2025-02-14 14:48:24,958 - __main__ - INFO - Error handling test passed! (Empty URL)
2025-02-14 14:48:24,958 - __main__ - INFO - 
Testing error case: Non-YouTube URL
2025-02-14 14:48:27,003 - __main__ - INFO - Error handling test passed! (Non-YouTube URL)
2025-02-14 14:48:27,004 - __main__ - INFO - 
Testing video download: https://www.youtube.com/watch?v=IsM4bnJ-8Gw
2025-02-14 14:48:32,507 - __main__ - INFO - Response time: 5.50 seconds
2025-02-14 14:48:32,507 - __main__ - INFO - Status Code: 500
2025-02-14 14:48:32,508 - __main__ - INFO - Response content:
2025-02-14 14:48:32,508 - __main__ - INFO - {
  "status": "error",
  "detail": "Audio download failed: ",
  "message": "Audio download failed: "
}
2025-02-14 14:48:32,508 - __main__ - ERROR - Test failed: Audio download failed: 
2025-02-14 14:48:34,509 - __main__ - INFO - 
Test Summary:
2025-02-14 14:48:34,510 - __main__ - INFO - Total video tests: 1
2025-02-14 14:48:34,510 - __main__ - INFO - Successful: 0
2025-02-14 14:48:34,511 - __main__ - INFO - Failed: 1
2025-02-14 14:52:15,112 - __main__ - INFO - Starting test suite...
2025-02-14 14:52:15,209 - __main__ - INFO - Found FFmpeg at: C:\Users\Jaspreet Singh\AppData\Local\Programs\Python\Python313\Lib\site-packages\imageio_ffmpeg\binaries\ffmpeg-win64-v4.2.2.exe
2025-02-14 14:52:15,271 - __main__ - INFO - FFmpeg verification:
2025-02-14 14:52:15,271 - __main__ - INFO - ffmpeg version 4.2.2 Copyright (c) 2000-2019 the FFmpeg developers
2025-02-14 14:52:15,271 - __main__ - INFO - Testing server health...
2025-02-14 14:52:17,320 - __main__ - INFO - Server health check passed!
2025-02-14 14:52:17,320 - __main__ - INFO - 
Testing error case: Invalid URL format
2025-02-14 14:52:19,345 - __main__ - INFO - Error handling test passed! (Invalid URL format)
2025-02-14 14:52:19,345 - __main__ - INFO - 
Testing error case: Empty URL
2025-02-14 14:52:21,361 - __main__ - INFO - Error handling test passed! (Empty URL)
2025-02-14 14:52:21,361 - __main__ - INFO - 
Testing error case: Non-YouTube URL
2025-02-14 14:52:23,399 - __main__ - INFO - Error handling test passed! (Non-YouTube URL)
2025-02-14 14:52:23,400 - __main__ - INFO - 
Testing video download: https://www.youtube.com/watch?v=jNQXAC9IVRw
2025-02-14 14:52:47,600 - __main__ - INFO - Response time: 24.20 seconds
2025-02-14 14:52:47,601 - __main__ - INFO - Status Code: 500
2025-02-14 14:52:47,601 - __main__ - INFO - Response content:
2025-02-14 14:52:47,601 - __main__ - INFO - {
  "status": "error",
  "detail": "Audio download failed: ",
  "message": "Audio download failed: "
}
2025-02-14 14:52:47,601 - __main__ - ERROR - Test failed: Audio download failed: 
2025-02-14 14:52:49,602 - __main__ - INFO - 
Test Summary:
2025-02-14 14:52:49,602 - __main__ - INFO - Total video tests: 1
2025-02-14 14:52:49,603 - __main__ - INFO - Successful: 0
2025-02-14 14:52:49,603 - __main__ - INFO - Failed: 1
2025-02-14 14:53:54,836 - __main__ - INFO - Starting test suite...
2025-02-14 14:53:54,879 - __main__ - INFO - Found FFmpeg at: C:\Users\Jaspreet Singh\AppData\Local\Programs\Python\Python313\Lib\site-packages\imageio_ffmpeg\binaries\ffmpeg-win64-v4.2.2.exe
2025-02-14 14:53:54,932 - __main__ - INFO - FFmpeg verification:
2025-02-14 14:53:54,933 - __main__ - INFO - ffmpeg version 4.2.2 Copyright (c) 2000-2019 the FFmpeg developers
2025-02-14 14:53:54,933 - __main__ - INFO - Testing server health...
2025-02-14 14:53:56,952 - __main__ - INFO - Server health check passed!
2025-02-14 14:53:56,953 - __main__ - INFO - 
Testing error case: Invalid URL format
2025-02-14 14:53:58,984 - __main__ - INFO - Error handling test passed! (Invalid URL format)
2025-02-14 14:53:58,984 - __main__ - INFO - 
Testing error case: Empty URL
